[
    {
        "flights": [
            {
                "flight_no": "XC233",
                "origin": "BTW",
                "destination": "WTF",
                "departure": "2021-09-02T05:50:00",
                "arrival": "2021-09-02T8:20:00",
                "base_price": 67.0,
                "bag_price": 7.0,
                "bags_allowed": 2
            },
            {
                "flight_no": "VJ832",
                "origin": "WTF",
                "destination": "REJ",
                "departure": "2021-09-02T11:05:00",
                "arrival": "2021-09-02T12:45:00",
                "base_price": 31.0,
                "bag_price": 5.0,
                "bags_allowed": 1
            }
        ],
        "bags_allowed": 1,
        "bags_count": 1,
        "destination": "REJ",
        "origin": "BTW",
        "total_price": 110.0,
        "travel_time": "6:55:00"
    },
    {
        "flights": [
            {
                "flight_no": "JV042",
                "origin": "BTW",
                "destination": "REJ",
                "departure": "2021-09-01T17:35:00",
                "arrival": "2021-09-01T21:05:00",
                "base_price": 216.0,
                "bag_price": 11.0,
                "bags_allowed": 2
            }
        ],
        "bags_allowed": 2,
        "bags_count": 1,
        "destination": "REJ",
        "origin": "BTW",
        "total_price": 227.0,
        "travel_time": "3:30:00"
    }
]